// Jest Snapshot v1, https://goo.gl/fbAQLP

exports[`Matches snapshot 1`] = `
Array [
  <div
    className="row justify-content-center"
  >
    <h1>
      Welcome, 
      Yoofi
      !
    </h1>
  </div>,
  <div
    className="row justify-content-center"
  >
    <button
      aria-label="delete"
      className="MuiButtonBase-root MuiIconButton-root p-2 MuiIconButton-sizeSmall MuiIconButton-edgeEnd"
      disabled={false}
      id="back"
      onBlur={[Function]}
      onClick={[Function]}
      onDragLeave={[Function]}
      onFocus={[Function]}
      onKeyDown={[Function]}
      onKeyUp={[Function]}
      onMouseDown={[Function]}
      onMouseLeave={[Function]}
      onMouseUp={[Function]}
      onTouchEnd={[Function]}
      onTouchMove={[Function]}
      onTouchStart={[Function]}
      tabIndex={0}
      type="button"
    >
      <span
        className="MuiIconButton-label"
      >
        <svg
          aria-hidden="true"
          className="MuiSvgIcon-root"
          focusable="false"
          viewBox="0 0 24 24"
        >
          <path
            d="M11.67 3.87L9.9 2.1 0 12l9.9 9.9 1.77-1.77L3.54 12z"
          />
        </svg>
      </span>
    </button>
    <h1>
      Today
    </h1>
    <button
      aria-label="delete"
      className="MuiButtonBase-root MuiIconButton-root p-2 MuiIconButton-sizeSmall MuiIconButton-edgeEnd"
      disabled={false}
      id="forward"
      onBlur={[Function]}
      onClick={[Function]}
      onDragLeave={[Function]}
      onFocus={[Function]}
      onKeyDown={[Function]}
      onKeyUp={[Function]}
      onMouseDown={[Function]}
      onMouseLeave={[Function]}
      onMouseUp={[Function]}
      onTouchEnd={[Function]}
      onTouchMove={[Function]}
      onTouchStart={[Function]}
      tabIndex={0}
      type="button"
    >
      <span
        className="MuiIconButton-label"
      >
        <svg
          aria-hidden="true"
          className="MuiSvgIcon-root"
          focusable="false"
          viewBox="0 0 24 24"
        >
          <path
            d="M5.88 4.12L13.76 12l-7.88 7.88L8 22l10-10L8 2z"
          />
        </svg>
      </span>
    </button>
  </div>,
  <div
    className="row justify-content-center"
  >
    <div
      className="input-group mb-2"
    >
      <form
        className="input-group mb-2 w-100"
        onSubmit={[Function]}
      >
        <input
          aria-describedby="button-addon2"
          aria-label="New Item"
          className="form-control"
          id="title"
          onChange={[Function]}
          placeholder="New Item"
          type="text"
          value=""
        />
        <input
          className="btn btn-outline-secondary"
          type="submit"
          value="Add Item"
        />
      </form>
    </div>
  </div>,
  <div
    className="row justify-content-center"
  >
    <div
      className="mx-auto col-5 border pt-2"
    >
      <div
        style={
          Object {
            "textAlign": "center",
          }
        }
      >
        <button
          className="btn btn-outline-secondary"
          id="logout"
        >
          Logout
        </button>
      </div>
    </div>
  </div>,
]
`;
